[easiblock.com/html/omexo/index.html]
[backblue.gif]
[fade.gif]
[index.html]
[easiblock.com/html/omexo/assets/images/favicon.png]
[easiblock.com/html/omexo/assets/css/bootstrap.min.css]
[easiblock.com/html/omexo/assets/css/owl.carousel.min.css]
[easiblock.com/html/omexo/assets/css/magnific-popup.css]
[easiblock.com/html/omexo/assets/css/font-awesome.min.css]
[easiblock.com/html/omexo/assets/css/meanmenu.css]
[easiblock.com/html/omexo/assets/css/animate.css]
[easiblock.com/html/omexo/assets/css/style.css]
[easiblock.com/html/omexo/assets/css/responsive.css]
[easiblock.com/html/omexo/index-2.html]
[easiblock.com/html/omexo/assets/images/logo.png]
[easiblock.com/html/omexo/login.html]
[easiblock.com/html/omexo/registration.html]
[easiblock.com/html/omexo/index-3.html]
[easiblock.com/html/omexo/index-4.html]
[easiblock.com/html/omexo/index-5.html]
[easiblock.com/html/omexo/about-us.html]
[easiblock.com/html/omexo/membership-plans.html]
[easiblock.com/html/omexo/instructors.html]
[easiblock.com/html/omexo/faqs.html]
[easiblock.com/html/omexo/courses.html]
[easiblock.com/html/omexo/course-single.html]
[easiblock.com/html/omexo/become-an-instructor.html]
[easiblock.com/html/omexo/instructor-profile.html]
[easiblock.com/html/omexo/webinars.html]
[easiblock.com/html/omexo/webinar-single.html]
[easiblock.com/html/omexo/blog.html]
[easiblock.com/html/omexo/blog-single.html]
[easiblock.com/html/omexo/contact.html]
[easiblock.com/html/omexo/assets/images/cat-1.jpg]
[easiblock.com/html/omexo/assets/images/cat-3.jpg]
[easiblock.com/html/omexo/assets/images/cat-5.jpg]
[easiblock.com/html/omexo/assets/images/cat-4.jpg]
[easiblock.com/html/omexo/assets/images/course-3.jpg]
[easiblock.com/html/omexo/assets/images/course-11.jpg]
[easiblock.com/html/omexo/assets/images/course-4.jpg]
[easiblock.com/html/omexo/assets/images/course-9.jpg]
[easiblock.com/html/omexo/assets/images/course-5.jpg]
[easiblock.com/html/omexo/assets/images/course-10.jpg]
[easiblock.com/html/omexo/assets/images/img-1.jpg]
[easiblock.com/html/omexo/assets/images/client-1.jpg]
[easiblock.com/html/omexo/assets/images/client-2.jpg]
[easiblock.com/html/omexo/assets/images/client-3.jpg]
[easiblock.com/html/omexo/assets/images/icons/ribbon.svg]
[easiblock.com/html/omexo/assets/images/icons/teacher.svg]
[easiblock.com/html/omexo/assets/images/icons/folder.svg]
[easiblock.com/html/omexo/assets/images/icons/24-hours.svg]
[easiblock.com/html/omexo/assets/images/instructor-1.jpg]
[easiblock.com/html/omexo/assets/images/instructor-2.jpg]
[easiblock.com/html/omexo/assets/images/instructor-3.jpg]
[easiblock.com/html/omexo/assets/images/instructor-4.jpg]
[easiblock.com/html/omexo/assets/images/blog-5.jpg]
[easiblock.com/html/omexo/assets/images/blog-4.jpg]
[easiblock.com/html/omexo/assets/images/blog-3.jpg]
[easiblock.com/html/omexo/assets/images/logo-white-1.png]
[easiblock.com/html/omexo/assets/images/blog-sm-5.jpg]
[easiblock.com/html/omexo/assets/images/blog-sm-4.jpg]
[easiblock.com/html/omexo/assets/js/jquery-3.3.1.min.js]
[easiblock.com/html/omexo/assets/js/popper.min.js]
[easiblock.com/html/omexo/assets/js/bootstrap.min.js]
[easiblock.com/html/omexo/assets/js/meanmenu.min.js]
[easiblock.com/html/omexo/assets/js/counterup.min.js]
[easiblock.com/html/omexo/assets/js/waypoints.js]
[easiblock.com/html/omexo/assets/js/magnific-popup.min.js]
[easiblock.com/html/omexo/assets/js/owl.carousel.min.js]
[easiblock.com/html/omexo/assets/js/syotimer.min.js]
[easiblock.com/html/omexo/assets/js/custom.js]
[easiblock.com/html/omexo/index.html]
[easiblock.com/html/omexo/assets/css/bootstrap.min.css]
[easiblock.com/html/omexo/assets/css/owl.carousel.min.css]
[easiblock.com/html/omexo/assets/css/magnific-popup.css]
[easiblock.com/html/omexo/assets/fonts/fontawesome-webfont3e6e.eot]
[easiblock.com/html/omexo/assets/fonts/fontawesome-webfont3e6e.woff2]
[easiblock.com/html/omexo/assets/fonts/fontawesome-webfontd41d.eot]
[easiblock.com/html/omexo/assets/fonts/fontawesome-webfont3e6e.woff]
[easiblock.com/html/omexo/assets/fonts/fontawesome-webfont3e6e.ttf]
[easiblock.com/html/omexo/assets/css/font-awesome.min.css]
[easiblock.com/html/omexo/assets/css/meanmenu.css]
[easiblock.com/html/omexo/assets/css/animate.css]
[easiblock.com/html/omexo/assets/images/banner-1.jpg]
[easiblock.com/html/omexo/assets/fonts/fontawesome-webfont3e6e.svg]
[easiblock.com/html/omexo/assets/images/banner-4.jpg]
[easiblock.com/html/omexo/assets/images/banner-5.jpg]
[easiblock.com/html/omexo/assets/images/banner-6.jpg]
[easiblock.com/html/omexo/assets/images/bg-2.png]
[easiblock.com/html/omexo/assets/images/img-lg-8.jpg]
[easiblock.com/html/omexo/assets/images/banner-bg-1.jpg]
[easiblock.com/html/omexo/assets/images/banner-bg.jpg]
[easiblock.com/html/omexo/assets/images/overlay-bg.jpg]
[easiblock.com/html/omexo/assets/css/style.css]
[easiblock.com/html/omexo/assets/css/responsive.css]
[easiblock.com/html/omexo/index-2.html]
[easiblock.com/html/omexo/login.html]
[easiblock.com/html/omexo/registration.html]
[easiblock.com/html/omexo/assets/images/about-img-1.jpg]
[easiblock.com/html/omexo/assets/images/about-img-2.jpg]
[easiblock.com/html/omexo/assets/images/about-img-3.jpg]
[easiblock.com/html/omexo/assets/images/icons/trust.svg]
[easiblock.com/html/omexo/assets/images/icons/profits.svg]
[easiblock.com/html/omexo/assets/images/icons/camera.svg]
[easiblock.com/html/omexo/assets/images/icons/vector.svg]
[easiblock.com/html/omexo/assets/images/icons/pencil-and-ruler.svg]
[easiblock.com/html/omexo/assets/images/icons/binary-code.svg]
[easiblock.com/html/omexo/assets/images/icons/exercise.svg]
[easiblock.com/html/omexo/assets/images/icons/monitor.svg]
[easiblock.com/html/omexo/assets/images/webinar-img-2.jpg]
[easiblock.com/html/omexo/assets/images/webinar-img-1.jpg]
[easiblock.com/html/omexo/assets/images/webinar-img-3.jpg]
[easiblock.com/html/omexo/assets/images/webinar-img-4.jpg]
[easiblock.com/html/omexo/index-3.html]
[easiblock.com/html/omexo/assets/images/icons/video-file.svg]
[easiblock.com/html/omexo/assets/images/icons/training.svg]
[easiblock.com/html/omexo/assets/images/course-8.jpg]
[easiblock.com/html/omexo/index-4.html]
[easiblock.com/html/omexo/assets/images/disct-img.jpg]
[easiblock.com/html/omexo/assets/images/icons/team.svg]
[easiblock.com/html/omexo/assets/images/icons/stats.svg]
[easiblock.com/html/omexo/assets/images/icons/camera-1.svg]
[easiblock.com/html/omexo/assets/images/icons/vector-1.svg]
[easiblock.com/html/omexo/assets/images/icons/pencil-and-ruler-1.svg]
[easiblock.com/html/omexo/assets/images/icons/binary-code-1.svg]
[easiblock.com/html/omexo/assets/images/icons/exercise-1.svg]
[easiblock.com/html/omexo/assets/images/icons/chat.svg]
[easiblock.com/html/omexo/assets/images/img-lg-2.jpg]
[easiblock.com/html/omexo/assets/images/teaching-img.jpg]
[easiblock.com/html/omexo/assets/images/student-learning.jpg]
[easiblock.com/html/omexo/index-5.html]
[easiblock.com/html/omexo/about-us.html]
[easiblock.com/html/omexo/membership-plans.html]
[easiblock.com/html/omexo/assets/images/instructor-5.jpg]
[easiblock.com/html/omexo/assets/images/instructor-7.jpg]
[easiblock.com/html/omexo/assets/images/instructor-6.jpg]
[easiblock.com/html/omexo/assets/images/instructor-9.jpg]
[easiblock.com/html/omexo/instructors.html]
[easiblock.com/html/omexo/faqs.html]
[easiblock.com/html/omexo/assets/images/icons/ribbon-1.svg]
[easiblock.com/html/omexo/assets/images/course-1.jpg]
[easiblock.com/html/omexo/courses.html]
[easiblock.com/html/omexo/course-single.html]
[easiblock.com/html/omexo/assets/images/icons/team-1.svg]
[easiblock.com/html/omexo/assets/images/icons/teach.svg]
[easiblock.com/html/omexo/assets/images/icons/money.svg]
[easiblock.com/html/omexo/assets/images/course-2.jpg]
[easiblock.com/html/omexo/assets/images/img-lg-3.jpg]
[easiblock.com/html/omexo/become-an-instructor.html]
[easiblock.com/html/omexo/instructor-profile.html]
[easiblock.com/html/omexo/assets/images/webinar-img-5.jpg]
[easiblock.com/html/omexo/assets/images/webinar-img-6.jpg]
[easiblock.com/html/omexo/webinars.html]
[easiblock.com/html/omexo/assets/images/icons/calendar-tool.svg]
[easiblock.com/html/omexo/assets/images/icons/clock.svg]
[easiblock.com/html/omexo/assets/images/icons/ticket.svg]
[easiblock.com/html/omexo/assets/images/icons/circle-dot.svg]
[easiblock.com/html/omexo/webinar-single.html]
[easiblock.com/html/omexo/assets/images/blog-5-1200x600.jpg]
[easiblock.com/html/omexo/assets/images/blog-4-1200x600.jpg]
[easiblock.com/html/omexo/assets/images/blog-3-1200x600.jpg]
[easiblock.com/html/omexo/assets/images/blog-sm-3.jpg]
[easiblock.com/html/omexo/blog.html]
[easiblock.com/html/omexo/assets/images/img-lg-1-1024x584.jpg]
[easiblock.com/html/omexo/blog-single.html]
[easiblock.com/html/omexo/assets/images/icons/email.svg]
[easiblock.com/html/omexo/assets/images/icons/telephone.svg]
[easiblock.com/html/omexo/assets/images/icons/map.svg]
[easiblock.com/html/omexo/contact.html]
[easiblock.com/html/omexo/assets/images/icons/ribbon.svg]
[easiblock.com/html/omexo/assets/images/icons/teacher.svg]
[easiblock.com/html/omexo/assets/images/icons/folder.svg]
[easiblock.com/html/omexo/assets/images/icons/24-hours.svg]
[easiblock.com/html/omexo/assets/css/owl.video.play.html]
[easiblock.com/html/omexo/assets/fonts/fontawesome-webfont3e6e.svg]
[easiblock.com/html/omexo/assets/images/icons/trust.svg]
[easiblock.com/html/omexo/assets/images/icons/profits.svg]
[easiblock.com/html/omexo/assets/images/icons/camera.svg]
[easiblock.com/html/omexo/assets/images/icons/vector.svg]
[easiblock.com/html/omexo/assets/images/icons/pencil-and-ruler.svg]
[easiblock.com/html/omexo/assets/images/icons/binary-code.svg]
[easiblock.com/html/omexo/assets/images/icons/exercise.svg]
[easiblock.com/html/omexo/assets/images/icons/monitor.svg]
[easiblock.com/html/omexo/assets/images/icons/video-file.svg]
[easiblock.com/html/omexo/assets/images/icons/training.svg]
[easiblock.com/html/omexo/assets/images/icons/team.svg]
[easiblock.com/html/omexo/assets/images/icons/stats.svg]
[easiblock.com/html/omexo/assets/images/icons/camera-1.svg]
[easiblock.com/html/omexo/assets/images/icons/vector-1.svg]
[easiblock.com/html/omexo/assets/images/icons/pencil-and-ruler-1.svg]
[easiblock.com/html/omexo/assets/images/icons/binary-code-1.svg]
[easiblock.com/html/omexo/assets/images/icons/exercise-1.svg]
[easiblock.com/html/omexo/assets/images/icons/chat.svg]
[easiblock.com/html/omexo/assets/images/icons/ribbon-1.svg]
[easiblock.com/html/omexo/assets/images/icons/team-1.svg]
[easiblock.com/html/omexo/assets/images/icons/teach.svg]
[easiblock.com/html/omexo/assets/images/icons/money.svg]
[easiblock.com/html/omexo/assets/images/icons/calendar-tool.svg]
[easiblock.com/html/omexo/assets/images/icons/clock.svg]
[easiblock.com/html/omexo/assets/images/icons/ticket.svg]
[easiblock.com/html/omexo/assets/images/icons/circle-dot.svg]
[easiblock.com/html/omexo/assets/images/icons/email.svg]
[easiblock.com/html/omexo/assets/images/icons/telephone.svg]
[easiblock.com/html/omexo/assets/images/icons/map.svg]
